// Jest Snapshot v1, https://goo.gl/fbAQLP

exports[`TalentCalculatorHeader.vue renders 1`] = `
<div
  class="talent-calculator-header"
/>
`;
